[
 {
  "specifier": true,
  "local_file": false,
  "name": "Babel",
  "editable": false,
  "uri": null,
  "extras": [],
  "vcs": null,
  "path": null,
  "line":  "Babel==0.9.6",
  "hash_name": null,
  "hash": null,
  "specs": [
   [
    "==",
    "0.9.6"
   ]
  ],
  "revision": null
 },
 {
  "specifier": true,
  "local_file": false,
  "name": "Django",
  "editable": false,
  "uri": null,
  "extras": [],
  "vcs": null,
  "path": null,
  "line":  "Django==1.4",
  "hash_name": null,
  "hash": null,
  "specs": [
   [
    "==",
    "1.4"
   ]
  ],
  "revision": null
 },
 {
  "specifier": true,
  "local_file": false,
  "name": "Jinja2",
  "editable": false,
  "uri": null,
  "extras": [],
  "vcs": null,
  "path": null,
  "line":  "Jinja2==2.6",
  "hash_name": null,
  "hash": null,
  "specs": [
   [
    "==",
    "2.6"
   ]
  ],
  "revision": null
 },
 {
  "specifier": true,
  "local_file": false,
  "name": "MarkupSafe",
  "editable": false,
  "uri": null,
  "extras": [],
  "vcs": null,
  "path": null,
  "line":  "MarkupSafe==0.15",
  "hash_name": null,
  "hash": null,
  "specs": [
   [
    "==",
    "0.15"
   ]
  ],
  "revision": null
 },
 {
  "specifier": true,
  "local_file": false,
  "name": "South",
  "editable": false,
  "uri": null,
  "extras": [],
  "vcs": null,
  "path": null,
  "line":  "South==0.7.5",
  "hash_name": null,
  "hash": null,
  "specs": [
   [
    "==",
    "0.7.5"
   ]
  ],
  "revision": null
 },
 {
  "specifier": true,
  "local_file": false,
  "name": "amqplib",
  "editable": false,
  "uri": null,
  "extras": [],
  "vcs": null,
  "path": null,
  "line":  "amqplib==1.0.2",
  "hash_name": null,
  "hash": null,
  "specs": [
   [
    "==",
    "1.0.2"
   ]
  ],
  "revision": null
 },
 {
  "specifier": true,
  "local_file": false,
  "name": "anyjson",
  "editable": false,
  "uri": null,
  "extras": [],
  "vcs": null,
  "path": null,
  "line":  "anyjson==0.3.3",
  "hash_name": null,
  "hash": null,
  "specs": [
   [
    "==",
    "0.3.3"
   ]
  ],
  "revision": null
 },
 {
  "specifier": true,
  "local_file": false,
  "name": "bleach",
  "editable": false,
  "uri": null,
  "extras": [],
  "vcs": null,
  "path": null,
  "line":  "bleach==1.1.1",
  "hash_name": null,
  "hash": null,
  "specs": [
   [
    "==",
    "1.1.1"
   ]
  ],
  "revision": null
 },
 {
  "specifier": true,
  "local_file": false,
  "name": "boto",
  "editable": false,
  "uri": null,
  "extras": [],
  "vcs": null,
  "path": null,
  "line":  "boto==2.3.0",
  "hash_name": null,
  "hash": null,
  "specs": [
   [
    "==",
    "2.3.0"
   ]
  ],
  "revision": null
 },
 {
  "specifier": true,
  "local_file": false,
  "name": "celery",
  "editable": false,
  "uri": null,
  "extras": [],
  "vcs": null,
  "path": null,
  "line":  "celery==2.5.5",
  "hash_name": null,
  "hash": null,
  "specs": [
   [
    "==",
    "2.5.5"
   ]
  ],
  "revision": null
 },
 {
  "specifier": true,
  "local_file": false,
  "name": "celery-haystack",
  "editable": false,
  "uri": null,
  "extras": [],
  "vcs": null,
  "path": null,
  "line":  "celery-haystack==0.4",
  "hash_name": null,
  "hash": null,
  "specs": [
   [
    "==",
    "0.4"
   ]
  ],
  "revision": null
 },
 {
  "specifier": true,
  "local_file": false,
  "name": "certifi",
  "editable": false,
  "uri": null,
  "extras": [],
  "vcs": null,
  "path": null,
  "line":  "certifi==0.0.8",
  "hash_name": null,
  "hash": null,
  "specs": [
   [
    "==",
    "0.0.8"
   ]
  ],
  "revision": null
 },
 {
  "specifier": true,
  "local_file": false,
  "name": "chardet",
  "editable": false,
  "uri": null,
  "extras": [],
  "vcs": null,
  "path": null,
  "line":  "chardet==1.0.1",
  "hash_name": null,
  "hash": null,
  "specs": [
   [
    "==",
    "1.0.1"
   ]
  ],
  "revision": null
 },
 {
  "specifier": false,
  "local_file": false,
  "name": "crate.web",
  "editable": true,
  "uri": "git+https://github.com/crateio/crate.web.git",
  "extras": [],
  "vcs": "git",
  "path": null,
  "line":  "-e git+https://github.com/crateio/crate.web.git#egg=crate.web",
  "hash_name": null,
  "hash": null,
  "specs": [],
  "revision": null
 },
 {
  "specifier": false,
  "local_file": false,
  "name": "crate.pypi",
  "editable": true,
  "uri": "git+https://github.com/crateio/crate.pypi.git",
  "extras": [],
  "vcs": "git",
  "path": null,
  "line":  "-e git+https://github.com/crateio/crate.pypi.git#egg=crate.pypi",
  "hash_name": null,
  "hash": null,
  "specs": [],
  "revision": null
 },
 {
  "specifier": true,
  "local_file": false,
  "name": "eventlet",
  "editable": false,
  "uri": null,
  "extras": [],
  "vcs": null,
  "path": null,
  "line":  "eventlet==0.9.16",
  "hash_name": null,
  "hash": null,
  "specs": [
   [
    "==",
    "0.9.16"
   ]
  ],
  "revision": null
 },
 {
  "specifier": true,
  "local_file": false,
  "name": "django-admin-tools",
  "editable": false,
  "uri": null,
  "extras": [],
  "vcs": null,
  "path": null,
  "line":  "django-admin-tools==0.4.1",
  "hash_name": null,
  "hash": null,
  "specs": [
   [
    "==",
    "0.4.1"
   ]
  ],
  "revision": null
 },
 {
  "specifier": true,
  "local_file": false,
  "name": "django-appconf",
  "editable": false,
  "uri": null,
  "extras": [],
  "vcs": null,
  "path": null,
  "line":  "django-appconf==0.5",
  "hash_name": null,
  "hash": null,
  "specs": [
   [
    "==",
    "0.5"
   ]
  ],
  "revision": null
 },
 {
  "specifier": true,
  "local_file": false,
  "name": "django-celery",
  "editable": false,
  "uri": null,
  "extras": [],
  "vcs": null,
  "path": null,
  "line":  "django-celery==2.5.5",
  "hash_name": null,
  "hash": null,
  "specs": [
   [
    "==",
    "2.5.5"
   ]
  ],
  "revision": null
 },
 {
  "specifier": false,
  "local_file": false,
  "name": "django-haystack",
  "editable": true,
  "uri": "git+https://github.com/toastdriven/django-haystack.git",
  "extras": [],
  "vcs": "git",
  "path": null,
  "line":  "-e git+https://github.com/toastdriven/django-haystack.git#egg=django-haystack",
  "hash_name": null,
  "hash": null,
  "specs": [],
  "revision": null
 },
 {
  "specifier": true,
  "local_file": false,
  "name": "django-hosts",
  "editable": false,
  "uri": null,
  "extras": [],
  "vcs": null,
  "path": null,
  "line":  "django-hosts==0.4.2",
  "hash_name": null,
  "hash": null,
  "specs": [
   [
    "==",
    "0.4.2"
   ]
  ],
  "revision": null
 },
 {
  "specifier": true,
  "local_file": false,
  "name": "django-jsonfield",
  "editable": false,
  "uri": null,
  "extras": [],
  "vcs": null,
  "path": null,
  "line":  "django-jsonfield==0.8.7",
  "hash_name": null,
  "hash": null,
  "specs": [
   [
    "==",
    "0.8.7"
   ]
  ],
  "revision": null
 },
 {
  "specifier": true,
  "local_file": false,
  "name": "django-model-utils",
  "editable": false,
  "uri": null,
  "extras": [],
  "vcs": null,
  "path": null,
  "line":  "django-model-utils==1.1.0",
  "hash_name": null,
  "hash": null,
  "specs": [
   [
    "==",
    "1.1.0"
   ]
  ],
  "revision": null
 },
 {
  "specifier": true,
  "local_file": false,
  "name": "django-picklefield",
  "editable": false,
  "uri": null,
  "extras": [],
  "vcs": null,
  "path": null,
  "line":  "django-picklefield==0.2.1",
  "hash_name": null,
  "hash": null,
  "specs": [
   [
    "==",
    "0.2.1"
   ]
  ],
  "revision": null
 },
 {
  "specifier": true,
  "local_file": false,
  "name": "django-redis-cache",
  "editable": false,
  "uri": null,
  "extras": [],
  "vcs": null,
  "path": null,
  "line":  "django-redis-cache==0.9.3",
  "hash_name": null,
  "hash": null,
  "specs": [
   [
    "==",
    "0.9.3"
   ]
  ],
  "revision": null
 },
 {
  "specifier": true,
  "local_file": false,
  "name": "django-secure",
  "editable": false,
  "uri": null,
  "extras": [],
  "vcs": null,
  "path": null,
  "line":  "django-secure==0.1.2",
  "hash_name": null,
  "hash": null,
  "specs": [
   [
    "==",
    "0.1.2"
   ]
  ],
  "revision": null
 },
 {
  "specifier": true,
  "local_file": false,
  "name": "django-social-auth",
  "editable": false,
  "uri": null,
  "extras": [],
  "vcs": null,
  "path": null,
  "line":  "django-social-auth==0.6.9",
  "hash_name": null,
  "hash": null,
  "specs": [
   [
    "==",
    "0.6.9"
   ]
  ],
  "revision": null
 },
 {
  "specifier": true,
  "local_file": false,
  "name": "django-staticfiles",
  "editable": false,
  "uri": null,
  "extras": [],
  "vcs": null,
  "path": null,
  "line":  "django-staticfiles==1.2.1",
  "hash_name": null,
  "hash": null,
  "specs": [
   [
    "==",
    "1.2.1"
   ]
  ],
  "revision": null
 },
 {
  "specifier": true,
  "local_file": false,
  "name": "django-storages",
  "editable": false,
  "uri": null,
  "extras": [],
  "vcs": null,
  "path": null,
  "line":  "django-storages==1.1.4",
  "hash_name": null,
  "hash": null,
  "specs": [
   [
    "==",
    "1.1.4"
   ]
  ],
  "revision": null
 },
 {
  "specifier": true,
  "local_file": false,
  "name": "django-tastypie",
  "editable": false,
  "uri": null,
  "extras": [],
  "vcs": null,
  "path": null,
  "line":  "django-tastypie==0.9.11",
  "hash_name": null,
  "hash": null,
  "specs": [
   [
    "==",
    "0.9.11"
   ]
  ],
  "revision": null
 },
 {
  "specifier": false,
  "local_file": false,
  "name": "django-user-accounts",
  "editable": true,
  "uri": "git://github.com/dstufft/django-user-accounts.git",
  "extras": [],
  "vcs": "git",
  "path": null,
  "line":  "-e git://github.com/dstufft/django-user-accounts.git#egg=django-user-accounts",
  "hash_name": null,
  "hash": null,
  "specs": [],
  "revision": null
 },
 {
  "specifier": true,
  "local_file": false,
  "name": "django-uuidfield",
  "editable": false,
  "uri": null,
  "extras": [],
  "vcs": null,
  "path": null,
  "line":  "django-uuidfield==0.2",
  "hash_name": null,
  "hash": null,
  "specs": [
   [
    "==",
    "0.2"
   ]
  ],
  "revision": null
 },
 {
  "specifier": true,
  "local_file": false,
  "name": "docutils",
  "editable": false,
  "uri": null,
  "extras": [],
  "vcs": null,
  "path": null,
  "line":  "docutils==0.9.1",
  "hash_name": null,
  "hash": null,
  "specs": [
   [
    "==",
    "0.9.1"
   ]
  ],
  "revision": null
 },
 {
  "specifier": true,
  "local_file": false,
  "name": "greenlet",
  "editable": false,
  "uri": null,
  "extras": [],
  "vcs": null,
  "path": null,
  "line":  "greenlet==0.4.0",
  "hash_name": null,
  "hash": null,
  "specs": [
   [
    "==",
    "0.4.0"
   ]
  ],
  "revision": null
 },
 {
  "specifier": true,
  "local_file": false,
  "name": "gunicorn",
  "editable": false,
  "uri": null,
  "extras": [],
  "vcs": null,
  "path": null,
  "line":  "gunicorn==0.14.5",
  "hash_name": null,
  "hash": null,
  "specs": [
   [
    "==",
    "0.14.5"
   ]
  ],
  "revision": null
 },
 {
  "specifier": true,
  "local_file": false,
  "name": "html5lib",
  "editable": false,
  "uri": null,
  "extras": [],
  "vcs": null,
  "path": null,
  "line":  "html5lib==0.95",
  "hash_name": null,
  "hash": null,
  "specs": [
   [
    "==",
    "0.95"
   ]
  ],
  "revision": null
 },
 {
  "specifier": true,
  "local_file": false,
  "name": "httplib2",
  "editable": false,
  "uri": null,
  "extras": [],
  "vcs": null,
  "path": null,
  "line":  "httplib2==0.7.4",
  "hash_name": null,
  "hash": null,
  "specs": [
   [
    "==",
    "0.7.4"
   ]
  ],
  "revision": null
 },
 {
  "specifier": true,
  "local_file": false,
  "name": "isoweek",
  "editable": false,
  "uri": null,
  "extras": [],
  "vcs": null,
  "path": null,
  "line":  "isoweek==1.2.0",
  "hash_name": null,
  "hash": null,
  "specs": [
   [
    "==",
    "1.2.0"
   ]
  ],
  "revision": null
 },
 {
  "specifier": true,
  "local_file": false,
  "name": "jingo",
  "editable": false,
  "uri": null,
  "extras": [],
  "vcs": null,
  "path": null,
  "line":  "jingo==0.4",
  "hash_name": null,
  "hash": null,
  "specs": [
   [
    "==",
    "0.4"
   ]
  ],
  "revision": null
 },
 {
  "specifier": false,
  "local_file": false,
  "name": "jutils",
  "editable": true,
  "uri": "git+https://github.com/dstufft/jutils.git",
  "extras": [],
  "vcs": "git",
  "path": null,
  "line":  "-e git+https://github.com/dstufft/jutils.git#egg=jutils",
  "hash_name": null,
  "hash": null,
  "specs": [],
  "revision": null
 },
 {
  "specifier": true,
  "local_file": false,
  "name": "kombu",
  "editable": false,
  "uri": null,
  "extras": [],
  "vcs": null,
  "path": null,
  "line":  "kombu==2.1.8",
  "hash_name": null,
  "hash": null,
  "specs": [
   [
    "==",
    "2.1.8"
   ]
  ],
  "revision": null
 },
 {
  "specifier": true,
  "local_file": false,
  "name": "lxml",
  "editable": false,
  "uri": null,
  "extras": [],
  "vcs": null,
  "path": null,
  "line":  "lxml==2.3.4",
  "hash_name": null,
  "hash": null,
  "specs": [
   [
    "==",
    "2.3.4"
   ]
  ],
  "revision": null
 },
 {
  "specifier": true,
  "local_file": false,
  "name": "mimeparse",
  "editable": false,
  "uri": null,
  "extras": [],
  "vcs": null,
  "path": null,
  "line":  "mimeparse==0.1.3",
  "hash_name": null,
  "hash": null,
  "specs": [
   [
    "==",
    "0.1.3"
   ]
  ],
  "revision": null
 },
 {
  "specifier": true,
  "local_file": false,
  "name": "newrelic",
  "editable": false,
  "uri": null,
  "extras": [],
  "vcs": null,
  "path": null,
  "line":  "newrelic==1.2.1.265",
  "hash_name": null,
  "hash": null,
  "specs": [
   [
    "==",
    "1.2.1.265"
   ]
  ],
  "revision": null
 },
 {
  "specifier": true,
  "local_file": false,
  "name": "oauth2",
  "editable": false,
  "uri": null,
  "extras": [],
  "vcs": null,
  "path": null,
  "line":  "oauth2==1.5.211",
  "hash_name": null,
  "hash": null,
  "specs": [
   [
    "==",
    "1.5.211"
   ]
  ],
  "revision": null
 },
 {
  "specifier": true,
  "local_file": false,
  "name": "oauthlib",
  "editable": false,
  "uri": null,
  "extras": [],
  "vcs": null,
  "path": null,
  "line":  "oauthlib==0.1.3",
  "hash_name": null,
  "hash": null,
  "specs": [
   [
    "==",
    "0.1.3"
   ]
  ],
  "revision": null
 },
 {
  "specifier": true,
  "local_file": false,
  "name": "pinax-utils",
  "editable": false,
  "uri": null,
  "extras": [],
  "vcs": null,
  "path": null,
  "line":  "pinax-utils==1.0b1.dev3",
  "hash_name": null,
  "hash": null,
  "specs": [
   [
    "==",
    "1.0b1.dev3"
   ]
  ],
  "revision": null
 },
 {
  "specifier": true,
  "local_file": false,
  "name": "psycopg2",
  "editable": false,
  "uri": null,
  "extras": [],
  "vcs": null,
  "path": null,
  "line":  "psycopg2==2.4.5",
  "hash_name": null,
  "hash": null,
  "specs": [
   [
    "==",
    "2.4.5"
   ]
  ],
  "revision": null
 },
 {
  "specifier": true,
  "local_file": false,
  "name": "py-bcrypt",
  "editable": false,
  "uri": null,
  "extras": [],
  "vcs": null,
  "path": null,
  "line":  "py-bcrypt==0.2",
  "hash_name": null,
  "hash": null,
  "specs": [
   [
    "==",
    "0.2"
   ]
  ],
  "revision": null
 },
 {
  "specifier": true,
  "local_file": false,
  "name": "pyasn1",
  "editable": false,
  "uri": null,
  "extras": [],
  "vcs": null,
  "path": null,
  "line":  "pyasn1==0.1.3",
  "hash_name": null,
  "hash": null,
  "specs": [
   [
    "==",
    "0.1.3"
   ]
  ],
  "revision": null
 },
 {
  "specifier": false,
  "local_file": false,
  "name": "pyelasticsearch",
  "editable": true,
  "uri": "git+https://github.com/toastdriven/pyelasticsearch.git",
  "extras": [],
  "vcs": "git",
  "path": null,
  "line":  "-e git+https://github.com/toastdriven/pyelasticsearch.git#egg=pyelasticsearch",
  "hash_name": null,
  "hash": null,
  "specs": [],
  "revision": null
 },
 {
  "specifier": true,
  "local_file": false,
  "name": "python-dateutil",
  "editable": false,
  "uri": null,
  "extras": [],
  "vcs": null,
  "path": null,
  "line":  "python-dateutil==1.5",
  "hash_name": null,
  "hash": null,
  "specs": [
   [
    "==",
    "1.5"
   ]
  ],
  "revision": null
 },
 {
  "specifier": true,
  "local_file": false,
  "name": "python-openid",
  "editable": false,
  "uri": null,
  "extras": [],
  "vcs": null,
  "path": null,
  "line":  "python-openid==2.2.5",
  "hash_name": null,
  "hash": null,
  "specs": [
   [
    "==",
    "2.2.5"
   ]
  ],
  "revision": null
 },
 {
  "specifier": true,
  "local_file": false,
  "name": "pytz",
  "editable": false,
  "uri": null,
  "extras": [],
  "vcs": null,
  "path": null,
  "line":  "pytz==2012c",
  "hash_name": null,
  "hash": null,
  "specs": [
   [
    "==",
    "2012c"
   ]
  ],
  "revision": null
 },
 {
  "specifier": true,
  "local_file": false,
  "name": "PyYAML",
  "editable": false,
  "uri": null,
  "extras": [],
  "vcs": null,
  "path": null,
  "line":  "PyYAML==3.10",
  "hash_name": null,
  "hash": null,
  "specs": [
   [
    "==",
    "3.10"
   ]
  ],
  "revision": null
 },
 {
  "specifier": true,
  "local_file": false,
  "name": "raven",
  "editable": false,
  "uri": null,
  "extras": [],
  "vcs": null,
  "path": null,
  "line":  "raven==1.7.6",
  "hash_name": null,
  "hash": null,
  "specs": [
   [
    "==",
    "1.7.6"
   ]
  ],
  "revision": null
 },
 {
  "specifier": true,
  "local_file": false,
  "name": "redis",
  "editable": false,
  "uri": null,
  "extras": [],
  "vcs": null,
  "path": null,
  "line":  "redis==2.4.12",
  "hash_name": null,
  "hash": null,
  "specs": [
   [
    "==",
    "2.4.12"
   ]
  ],
  "revision": null
 },
 {
  "specifier": true,
  "local_file": false,
  "name": "requests",
  "editable": false,
  "uri": null,
  "extras": [],
  "vcs": null,
  "path": null,
  "line":  "requests==0.12.1",
  "hash_name": null,
  "hash": null,
  "specs": [
   [
    "==",
    "0.12.1"
   ]
  ],
  "revision": null
 },
 {
  "specifier": true,
  "local_file": false,
  "name": "rsa",
  "editable": false,
  "uri": null,
  "extras": [],
  "vcs": null,
  "path": null,
  "line":  "rsa==3.0.1",
  "hash_name": null,
  "hash": null,
  "specs": [
   [
    "==",
    "3.0.1"
   ]
  ],
  "revision": null
 },
 {
  "specifier": false,
  "local_file": false,
  "name": "saved_searches",
  "editable": true,
  "uri": "git+https://github.com/toastdriven/saved_searches.git",
  "extras": [],
  "vcs": "git",
  "path": null,
  "line":  "-e git+https://github.com/toastdriven/saved_searches.git#egg=saved_searches",
  "hash_name": null,
  "hash": null,
  "specs": [],
  "revision": null
 },
 {
  "specifier": true,
  "local_file": false,
  "name": "simplejson",
  "editable": false,
  "uri": null,
  "extras": [],
  "vcs": null,
  "path": null,
  "line":  "simplejson==2.5.2",
  "hash_name": null,
  "hash": null,
  "specs": [
   [
    "==",
    "2.5.2"
   ]
  ],
  "revision": null
 },
 {
  "specifier": true,
  "local_file": false,
  "name": "slumber",
  "editable": false,
  "uri": null,
  "extras": [],
  "vcs": null,
  "path": null,
  "line":  "slumber==0.4.2",
  "hash_name": null,
  "hash": null,
  "specs": [
   [
    "==",
    "0.4.2"
   ]
  ],
  "revision": null
 },
 {
  "specifier": true,
  "local_file": false,
  "name": "uuid",
  "editable": false,
  "uri": null,
  "extras": [],
  "vcs": null,
  "path": null,
  "line":  "uuid==1.30",
  "hash_name": null,
  "hash": null,
  "specs": [
   [
    "==",
    "1.30"
   ]
  ],
  "revision": null
 }
]
