[
    {
        "specifier": true,
        "local_file": false,
        "name": "ipdb",
        "editable": false,
        "uri": null,
        "extras": [],
        "vcs": null,
        "path": null,
        "line": "ipdb",
        "specs": [],
        "revision": null
    }
]